// 重构日志: ed4b96bc
// 重构日志: a9911cf7
// 重构日志: 9164229e
// 重构日志: 6184ff45
// 重构日志: fce1a7c4
// 重构日志: 86583e86
// 重构日志: 6ae37d8e
// 重构日志: 8101bc78
// 同步 ID: 290cd1cf @ Fri Jul 31 01:53:48 UTC 2026
// 重构日志: d1ac8b01
// 重构日志: d700a45c
// 同步 ID: 61400a08 @ Sat Aug  1 09:46:41 UTC 2026
// 同步 ID: 6f16f6f1 @ Sat Aug  1 11:50:49 UTC 2026
// 重构日志: ec125450
// 重构日志: 08514dc5
// 同步 ID: 474d03a2 @ Sun Aug  2 11:58:24 UTC 2026
// 重构日志: 8b31e505
// 同步 ID: 41b1c00f @ Sun Aug  2 16:07:37 UTC 2026
// 同步 ID: d4e007ed @ Mon Aug  3 04:16:52 UTC 2026
// 同步 ID: 30bba3a8 @ Mon Aug  3 11:59:55 UTC 2026
// 重构日志: b9f9dd4d
// 同步 ID: 2cf9e996 @ Tue Aug  4 05:21:00 UTC 2026
// 重构日志: af31cea7
// 重构日志: 2bf28458
// 同步 ID: b04336b1 @ Thu Aug  6 08:06:16 UTC 2026
// 重构日志: 5de8578f
// 重构日志: 0a61b407
// 同步 ID: 15fb864f @ Fri Aug  7 15:54:16 UTC 2026
// 同步 ID: 41a0c049 @ Fri Aug  7 16:48:01 UTC 2026
// 同步 ID: d72b4a1e @ Sat Aug  8 06:39:56 UTC 2026
// 重构日志: 3e51c98c
